
  ....

  Tests:    4 passed (4 assertions)
  Duration: xxx

  Generating mutations ...
  4 Mutations for 1 Files created

  Running mutation tests:

   RUN  tests/Fixtures/Classes/AgeHelper.php
  ✓ Line 11: GreaterOrEqualToGreater
  ✓ Line 11: GreaterOrEqualToSmaller
  ✓ Line 11: DecrementInteger
  ✓ Line 11: IncrementInteger


  Mutations: 4 caught
  Score:     100.00%
  Duration: xxx

